
> intentledger@0.1.0 test
> npm run test:unit && npm run test:ui


> intentledger@0.1.0 test:unit
> node --test tests/*.test.ts

✔ classification_bridge_correlates_both_chains (0.519417ms)
✔ classification_rejects_mismatched_wallet_request (0.273ms)
✔ classification_failed_execution_never_reports_success (0.1ms)
✔ fixtures_four_actions_have_seven_transactions_four_protocols (1.100083ms)
✔ demo_sequence_lasts_fifty_two_seconds (0.075209ms)
✔ demo_pause_next_restart_are_replayable (0.126292ms)
✔ fixtures_solana_wallets_and_signatures_have_valid_base58_lengths (0.389666ms)
ℹ tests 7
ℹ suites 0
ℹ pass 7
ℹ fail 0
ℹ cancelled 0
ℹ skipped 0
ℹ todo 0
ℹ duration_ms 75.525625

> intentledger@0.1.0 test:ui
> node scripts/test-ui.mjs

✔ ui_dashboard_fixture_metrics_and_story_are_visible (110.351625ms)
✔ ui_automated_demo_completes_in_52_seconds_and_replays_twice (16864.663209ms)
✔ ui_pause_preserves_elapsed_time_next_step_and_restart (916.927875ms)
✔ ui_manual_bridge_exports_evidence_and_resolves_accounting (140.333709ms)
✔ ui_additional_protocols_show_execution_and_positions (202.771375ms)
✔ ui_demo_starts_and_each_scene_scrolls_to_top (2137.843292ms)
ℹ tests 6
ℹ suites 0
ℹ pass 6
ℹ fail 0
ℹ cancelled 0
ℹ skipped 0
ℹ todo 0
ℹ duration_ms 21189.828292
