
> intentledger@0.1.0 test
> node --test tests/*.test.ts

node:internal/modules/esm/resolve:274
    throw new ERR_MODULE_NOT_FOUND(
          ^

Error [ERR_MODULE_NOT_FOUND]: Cannot find module '/Users/soya/myproject/solana-workshop/intentledger/src/fixtures.ts' imported from /Users/soya/myproject/solana-workshop/intentledger/tests/domain.test.ts
    at finalizeResolution (node:internal/modules/esm/resolve:274:11)
    at moduleResolve (node:internal/modules/esm/resolve:864:10)
    at defaultResolve (node:internal/modules/esm/resolve:990:11)
    at #cachedDefaultResolve (node:internal/modules/esm/loader:757:20)
    at ModuleLoader.resolve (node:internal/modules/esm/loader:734:38)
    at ModuleLoader.getModuleJobForImport (node:internal/modules/esm/loader:317:38)
    at #link (node:internal/modules/esm/module_job:208:49) {
  code: 'ERR_MODULE_NOT_FOUND',
  url: 'file:///Users/soya/myproject/solana-workshop/intentledger/src/fixtures.ts'
}

Node.js v24.10.0
✖ tests/domain.test.ts (73.775959ms)
ℹ tests 1
ℹ suites 0
ℹ pass 0
ℹ fail 1
ℹ cancelled 0
ℹ skipped 0
ℹ todo 0
ℹ duration_ms 79.393292

✖ failing tests:

test at tests/domain.test.ts:1:1
✖ tests/domain.test.ts (73.775959ms)
  'test failed'
